Archive member included to satisfy reference by file (symbol)

c:/st/stm32cubeide_1.12.0/stm32cubeide/plugins/com.st.stm32cube.ide.mcu.externaltools.gnu-tools-for-stm32.10.3-2021.10.win32_1.0.200.202301161003/tools/bin/../lib/gcc/arm-none-eabi/10.3.1/../../../../arm-none-eabi/lib/thumb/v7e-m+fp/hard\libc_nano.a(lib_a-errno.o)
                              ./Core/Src/syscalls.o (__errno)
c:/st/stm32cubeide_1.12.0/stm32cubeide/plugins/com.st.stm32cube.ide.mcu.externaltools.gnu-tools-for-stm32.10.3-2021.10.win32_1.0.200.202301161003/tools/bin/../lib/gcc/arm-none-eabi/10.3.1/../../../../arm-none-eabi/lib/thumb/v7e-m+fp/hard\libc_nano.a(lib_a-exit.o)
                              c:/st/stm32cubeide_1.12.0/stm32cubeide/plugins/com.st.stm32cube.ide.mcu.externaltools.gnu-tools-for-stm32.10.3-2021.10.win32_1.0.200.202301161003/tools/bin/../lib/gcc/arm-none-eabi/10.3.1/../../../../arm-none-eabi/lib/thumb/v7e-m+fp/hard/crt0.o (exit)
c:/st/stm32cubeide_1.12.0/stm32cubeide/plugins/com.st.stm32cube.ide.mcu.externaltools.gnu-tools-for-stm32.10.3-2021.10.win32_1.0.200.202301161003/tools/bin/../lib/gcc/arm-none-eabi/10.3.1/../../../../arm-none-eabi/lib/thumb/v7e-m+fp/hard\libc_nano.a(lib_a-impure.o)
                              c:/st/stm32cubeide_1.12.0/stm32cubeide/plugins/com.st.stm32cube.ide.mcu.externaltools.gnu-tools-for-stm32.10.3-2021.10.win32_1.0.200.202301161003/tools/bin/../lib/gcc/arm-none-eabi/10.3.1/../../../../arm-none-eabi/lib/thumb/v7e-m+fp/hard\libc_nano.a(lib_a-exit.o) (_global_impure_ptr)
c:/st/stm32cubeide_1.12.0/stm32cubeide/plugins/com.st.stm32cube.ide.mcu.externaltools.gnu-tools-for-stm32.10.3-2021.10.win32_1.0.200.202301161003/tools/bin/../lib/gcc/arm-none-eabi/10.3.1/../../../../arm-none-eabi/lib/thumb/v7e-m+fp/hard\libc_nano.a(lib_a-init.o)
                              c:/st/stm32cubeide_1.12.0/stm32cubeide/plugins/com.st.stm32cube.ide.mcu.externaltools.gnu-tools-for-stm32.10.3-2021.10.win32_1.0.200.202301161003/tools/bin/../lib/gcc/arm-none-eabi/10.3.1/../../../../arm-none-eabi/lib/thumb/v7e-m+fp/hard/crt0.o (__libc_init_array)
c:/st/stm32cubeide_1.12.0/stm32cubeide/plugins/com.st.stm32cube.ide.mcu.externaltools.gnu-tools-for-stm32.10.3-2021.10.win32_1.0.200.202301161003/tools/bin/../lib/gcc/arm-none-eabi/10.3.1/../../../../arm-none-eabi/lib/thumb/v7e-m+fp/hard\libc_nano.a(lib_a-memcpy-stub.o)
                              ./Core/Src/main.o (memcpy)
c:/st/stm32cubeide_1.12.0/stm32cubeide/plugins/com.st.stm32cube.ide.mcu.externaltools.gnu-tools-for-stm32.10.3-2021.10.win32_1.0.200.202301161003/tools/bin/../lib/gcc/arm-none-eabi/10.3.1/../../../../arm-none-eabi/lib/thumb/v7e-m+fp/hard\libc_nano.a(lib_a-memset.o)
                              c:/st/stm32cubeide_1.12.0/stm32cubeide/plugins/com.st.stm32cube.ide.mcu.externaltools.gnu-tools-for-stm32.10.3-2021.10.win32_1.0.200.202301161003/tools/bin/../lib/gcc/arm-none-eabi/10.3.1/../../../../arm-none-eabi/lib/thumb/v7e-m+fp/hard/crt0.o (memset)
c:/st/stm32cubeide_1.12.0/stm32cubeide/plugins/com.st.stm32cube.ide.mcu.externaltools.gnu-tools-for-stm32.10.3-2021.10.win32_1.0.200.202301161003/tools/bin/../lib/gcc/arm-none-eabi/10.3.1/thumb/v7e-m+fp/hard\libgcc.a(_aeabi_uldivmod.o)
                              ./Drivers/STM32L4xx_HAL_Driver/Src/stm32l4xx_hal_uart.o (__aeabi_uldivmod)
c:/st/stm32cubeide_1.12.0/stm32cubeide/plugins/com.st.stm32cube.ide.mcu.externaltools.gnu-tools-for-stm32.10.3-2021.10.win32_1.0.200.202301161003/tools/bin/../lib/gcc/arm-none-eabi/10.3.1/thumb/v7e-m+fp/hard\libgcc.a(_udivmoddi4.o)
                              c:/st/stm32cubeide_1.12.0/stm32cubeide/plugins/com.st.stm32cube.ide.mcu.externaltools.gnu-tools-for-stm32.10.3-2021.10.win32_1.0.200.202301161003/tools/bin/../lib/gcc/arm-none-eabi/10.3.1/thumb/v7e-m+fp/hard\libgcc.a(_aeabi_uldivmod.o) (__udivmoddi4)
c:/st/stm32cubeide_1.12.0/stm32cubeide/plugins/com.st.stm32cube.ide.mcu.externaltools.gnu-tools-for-stm32.10.3-2021.10.win32_1.0.200.202301161003/tools/bin/../lib/gcc/arm-none-eabi/10.3.1/thumb/v7e-m+fp/hard\libgcc.a(_dvmd_tls.o)
                              c:/st/stm32cubeide_1.12.0/stm32cubeide/plugins/com.st.stm32cube.ide.mcu.externaltools.gnu-tools-for-stm32.10.3-2021.10.win32_1.0.200.202301161003/tools/bin/../lib/gcc/arm-none-eabi/10.3.1/thumb/v7e-m+fp/hard\libgcc.a(_aeabi_uldivmod.o) (__aeabi_ldiv0)

Discarded input sections

 .text          0x0000000000000000        0x0 c:/st/stm32cubeide_1.12.0/stm32cubeide/plugins/com.st.stm32cube.ide.mcu.externaltools.gnu-tools-for-stm32.10.3-2021.10.win32_1.0.200.202301161003/tools/bin/../lib/gcc/arm-none-eabi/10.3.1/thumb/v7e-m+fp/hard/crti.o
 .data          0x0000000000000000        0x0 c:/st/stm32cubeide_1.12.0/stm32cubeide/plugins/com.st.stm32cube.ide.mcu.externaltools.gnu-tools-for-stm32.10.3-2021.10.win32_1.0.200.202301161003/tools/bin/../lib/gcc/arm-none-eabi/10.3.1/thumb/v7e-m+fp/hard/crti.o
[...]
Memory Configuration

Name             Origin             Length             Attributes
RAM              0x0000000020000000 0x0000000000018000 xrw
RAM2             0x0000000010000000 0x0000000000008000 xrw
FLASH            0x0000000008000000 0x0000000000100000 xr
*default*        0x0000000000000000 0xffffffffffffffff

Linker script and memory map

LOAD c:/st/stm32cubeide_1.12.0/stm32cubeide/plugins/com.st.stm32cube.ide.mcu.externaltools.gnu-tools-for-stm32.10.3-2021.10.win32_1.0.200.202301161003/tools/bin/../lib/gcc/arm-none-eabi/10.3.1/thumb/v7e-m+fp/hard/crti.o
LOAD c:/st/stm32cubeide_1.12.0/stm32cubeide/plugins/com.st.stm32cube.ide.mcu.externaltools.gnu-tools-for-stm32.10.3-2021.10.win32_1.0.200.202301161003/tools/bin/../lib/gcc/arm-none-eabi/10.3.1/thumb/v7e-m+fp/hard/crtbegin.o
LOAD c:/st/stm32cubeide_1.12.0/stm32cubeide/plugins/com.st.stm32cube.ide.mcu.externaltools.gnu-tools-for-stm32.10.3-2021.10.win32_1.0.200.202301161003/tools/bin/../lib/gcc/arm-none-eabi/10.3.1/../../../../arm-none-eabi/lib/thumb/v7e-m+fp/hard/crt0.o
LOAD ./Core/Src/main.o
LOAD ./Core/Src/stm32l4xx_hal_msp.o
LOAD ./Core/Src/stm32l4xx_it.o
LOAD ./Core/Src/syscalls.o
LOAD ./Core/Src/sysmem.o
LOAD ./Core/Src/system_stm32l4xx.o
LOAD ./Core/Startup/startup_stm32l476rgtx.o
LOAD ./Drivers/STM32L4xx_HAL_Driver/Src/stm32l4xx_hal.o
LOAD ./Drivers/STM32L4xx_HAL_Driver/Src/stm32l4xx_hal_cortex.o
LOAD ./Drivers/STM32L4xx_HAL_Driver/Src/stm32l4xx_hal_dac.o
LOAD ./Drivers/STM32L4xx_HAL_Driver/Src/stm32l4xx_hal_dac_ex.o
LOAD ./Drivers/STM32L4xx_HAL_Driver/Src/stm32l4xx_hal_dma.o
LOAD ./Drivers/STM32L4xx_HAL_Driver/Src/stm32l4xx_hal_dma_ex.o
LOAD ./Drivers/STM32L4xx_HAL_Driver/Src/stm32l4xx_hal_exti.o
LOAD ./Drivers/STM32L4xx_HAL_Driver/Src/stm32l4xx_hal_flash.o
LOAD ./Drivers/STM32L4xx_HAL_Driver/Src/stm32l4xx_hal_flash_ex.o
LOAD ./Drivers/STM32L4xx_HAL_Driver/Src/stm32l4xx_hal_flash_ramfunc.o
LOAD ./Drivers/STM32L4xx_HAL_Driver/Src/stm32l4xx_hal_gpio.o
LOAD ./Drivers/STM32L4xx_HAL_Driver/Src/stm32l4xx_hal_pwr.o
LOAD ./Drivers/STM32L4xx_HAL_Driver/Src/stm32l4xx_hal_pwr_ex.o
LOAD ./Drivers/STM32L4xx_HAL_Driver/Src/stm32l4xx_hal_rcc.o
LOAD ./Drivers/STM32L4xx_HAL_Driver/Src/stm32l4xx_hal_rcc_ex.o
LOAD ./Drivers/STM32L4xx_HAL_Driver/Src/stm32l4xx_hal_tim.o
LOAD ./Drivers/STM32L4xx_HAL_Driver/Src/stm32l4xx_hal_tim_ex.o
LOAD ./Drivers/STM32L4xx_HAL_Driver/Src/stm32l4xx_hal_uart.o
LOAD ./Drivers/STM32L4xx_HAL_Driver/Src/stm32l4xx_hal_uart_ex.o
START GROUP
LOAD c:/st/stm32cubeide_1.12.0/stm32cubeide/plugins/com.st.stm32cube.ide.mcu.externaltools.gnu-tools-for-stm32.10.3-2021.10.win32_1.0.200.202301161003/tools/bin/../lib/gcc/arm-none-eabi/10.3.1/../../../../arm-none-eabi/lib/thumb/v7e-m+fp/hard\libc_nano.a
LOAD c:/st/stm32cubeide_1.12.0/stm32cubeide/plugins/com.st.stm32cube.ide.mcu.externaltools.gnu-tools-for-stm32.10.3-2021.10.win32_1.0.200.202301161003/tools/bin/../lib/gcc/arm-none-eabi/10.3.1/../../../../arm-none-eabi/lib/thumb/v7e-m+fp/hard\libm.a
END GROUP
START GROUP
LOAD c:/st/stm32cubeide_1.12.0/stm32cubeide/plugins/com.st.stm32cube.ide.mcu.externaltools.gnu-tools-for-stm32.10.3-2021.10.win32_1.0.200.202301161003/tools/bin/../lib/gcc/arm-none-eabi/10.3.1/thumb/v7e-m+fp/hard\libgcc.a
LOAD c:/st/stm32cubeide_1.12.0/stm32cubeide/plugins/com.st.stm32cube.ide.mcu.externaltools.gnu-tools-for-stm32.10.3-2021.10.win32_1.0.200.202301161003/tools/bin/../lib/gcc/arm-none-eabi/10.3.1/../../../../arm-none-eabi/lib/thumb/v7e-m+fp/hard\libc_nano.a
END GROUP
START GROUP
LOAD c:/st/stm32cubeide_1.12.0/stm32cubeide/plugins/com.st.stm32cube.ide.mcu.externaltools.gnu-tools-for-stm32.10.3-2021.10.win32_1.0.200.202301161003/tools/bin/../lib/gcc/arm-none-eabi/10.3.1/thumb/v7e-m+fp/hard\libgcc.a
LOAD c:/st/stm32cubeide_1.12.0/stm32cubeide/plugins/com.st.stm32cube.ide.mcu.externaltools.gnu-tools-for-stm32.10.3-2021.10.win32_1.0.200.202301161003/tools/bin/../lib/gcc/arm-none-eabi/10.3.1/../../../../arm-none-eabi/lib/thumb/v7e-m+fp/hard\libc_nano.a
LOAD c:/st/stm32cubeide_1.12.0/stm32cubeide/plugins/com.st.stm32cube.ide.mcu.externaltools.gnu-tools-for-stm32.10.3-2021.10.win32_1.0.200.202301161003/tools/bin/../lib/gcc/arm-none-eabi/10.3.1/../../../../arm-none-eabi/lib/thumb/v7e-m+fp/hard\libnosys.a
END GROUP
START GROUP
LOAD c:/st/stm32cubeide_1.12.0/stm32cubeide/plugins/com.st.stm32cube.ide.mcu.externaltools.gnu-tools-for-stm32.10.3-2021.10.win32_1.0.200.202301161003/tools/bin/../lib/gcc/arm-none-eabi/10.3.1/thumb/v7e-m+fp/hard\libgcc.a
LOAD c:/st/stm32cubeide_1.12.0/stm32cubeide/plugins/com.st.stm32cube.ide.mcu.externaltools.gnu-tools-for-stm32.10.3-2021.10.win32_1.0.200.202301161003/tools/bin/../lib/gcc/arm-none-eabi/10.3.1/../../../../arm-none-eabi/lib/thumb/v7e-m+fp/hard\libc_nano.a
LOAD c:/st/stm32cubeide_1.12.0/stm32cubeide/plugins/com.st.stm32cube.ide.mcu.externaltools.gnu-tools-for-stm32.10.3-2021.10.win32_1.0.200.202301161003/tools/bin/../lib/gcc/arm-none-eabi/10.3.1/../../../../arm-none-eabi/lib/thumb/v7e-m+fp/hard\libnosys.a
END GROUP
LOAD c:/st/stm32cubeide_1.12.0/stm32cubeide/plugins/com.st.stm32cube.ide.mcu.externaltools.gnu-tools-for-stm32.10.3-2021.10.win32_1.0.200.202301161003/tools/bin/../lib/gcc/arm-none-eabi/10.3.1/thumb/v7e-m+fp/hard/crtend.o
LOAD c:/st/stm32cubeide_1.12.0/stm32cubeide/plugins/com.st.stm32cube.ide.mcu.externaltools.gnu-tools-for-stm32.10.3-2021.10.win32_1.0.200.202301161003/tools/bin/../lib/gcc/arm-none-eabi/10.3.1/thumb/v7e-m+fp/hard/crtn.o
                0x0000000020018000                _estack = (ORIGIN (RAM) + LENGTH (RAM))
                0x0000000000000200                _Min_Heap_Size = 0x200
                0x0000000000000400                _Min_Stack_Size = 0x400

.isr_vector     0x0000000008000000      0x188
                0x0000000008000000                . = ALIGN (0x4)
 *(.isr_vector)
 .isr_vector    0x0000000008000000      0x188 ./Core/Startup/startup_stm32l476rgtx.o
                0x0000000008000000                g_pfnVectors
                0x0000000008000188                . = ALIGN (0x4)

.text           0x0000000008000188     0x328c
                0x0000000008000188                . = ALIGN (0x4)
 *(.text)
 .text          0x0000000008000188       0x40 c:/st/stm32cubeide_1.12.0/stm32cubeide/plugins/com.st.stm32cube.ide.mcu.externaltools.gnu-tools-for-stm32.10.3-2021.10.win32_1.0.200.202301161003/tools/bin/../lib/gcc/arm-none-eabi/10.3.1/thumb/v7e-m+fp/hard/crtbegin.o
 .text          0x00000000080001c8       0x30 c:/st/stm32cubeide_1.12.0/stm32cubeide/plugins/com.st.stm32cube.ide.mcu.externaltools.gnu-tools-for-stm32.10.3-2021.10.win32_1.0.200.202301161003/tools/bin/../lib/gcc/arm-none-eabi/10.3.1/thumb/v7e-m+fp/hard\libgcc.a(_aeabi_uldivmod.o)
                0x00000000080001c8                __aeabi_uldivmod
 .text          0x00000000080001f8      0x2d0 c:/st/stm32cubeide_1.12.0/stm32cubeide/plugins/com.st.stm32cube.ide.mcu.externaltools.gnu-tools-for-stm32.10.3-2021.10.win32_1.0.200.202301161003/tools/bin/../lib/gcc/arm-none-eabi/10.3.1/thumb/v7e-m+fp/hard\libgcc.a(_udivmoddi4.o)
                0x00000000080001f8                __udivmoddi4
 .text          0x00000000080004c8        0x4 c:/st/stm32cubeide_1.12.0/stm32cubeide/plugins/com.st.stm32cube.ide.mcu.externaltools.gnu-tools-for-stm32.10.3-2021.10.win32_1.0.200.202301161003/tools/bin/../lib/gcc/arm-none-eabi/10.3.1/thumb/v7e-m+fp/hard\libgcc.a(_dvmd_tls.o)
                0x00000000080004c8                __aeabi_idiv0
                0x00000000080004c8                __aeabi_ldiv0
 *(.text*)
 .text.main     0x00000000080004cc       0x9c ./Core/Src/main.o
                0x00000000080004cc                main
 .text.SystemClock_Config
                0x0000000008000568       0xa2 ./Core/Src/main.o
                0x0000000008000568                SystemClock_Config
 *fill*         0x000000000800060a        0x2 
 .text.MX_DAC1_Init
                0x000000000800060c       0x64 ./Core/Src/main.o
 .text.MX_USART2_UART_Init
                0x0000000008000670       0x60 ./Core/Src/main.o
 .text.MX_GPIO_Init
                0x00000000080006d0       0xcc ./Core/Src/main.o
 .text.Error_Handler
                0x000000000800079c        0xa ./Core/Src/main.o
                0x000000000800079c                Error_Handler
 *fill*         0x00000000080007a6        0x2 
 .text.HAL_MspInit
                0x00000000080007a8       0x48 ./Core/Src/stm32l4xx_hal_msp.o
                0x00000000080007a8                HAL_MspInit
 .text.HAL_DAC_MspInit
                0x00000000080007f0       0x7c ./Core/Src/stm32l4xx_hal_msp.o
                0x00000000080007f0                HAL_DAC_MspInit
 .text.HAL_UART_MspInit
                0x000000000800086c       0xb8 ./Core/Src/stm32l4xx_hal_msp.o
                0x000000000800086c                HAL_UART_MspInit
 .text.NMI_Handler
                0x0000000008000924        0x6 ./Core/Src/stm32l4xx_it.o
                0x0000000008000924                NMI_Handler
 .text.HardFault_Handler
                0x000000000800092a        0x6 ./Core/Src/stm32l4xx_it.o
                0x000000000800092a                HardFault_Handler
 .text.MemManage_Handler
                0x0000000008000930        0x6 ./Core/Src/stm32l4xx_it.o
                0x0000000008000930                MemManage_Handler
 .text.BusFault_Handler
                0x0000000008000936        0x6 ./Core/Src/stm32l4xx_it.o
                0x0000000008000936                BusFault_Handler
 .text.UsageFault_Handler
                0x000000000800093c        0x6 ./Core/Src/stm32l4xx_it.o
                0x000000000800093c                UsageFault_Handler
 .text.SVC_Handler
                0x0000000008000942        0xe ./Core/Src/stm32l4xx_it.o
                0x0000000008000942                SVC_Handler
 .text.DebugMon_Handler
                0x0000000008000950        0xe ./Core/Src/stm32l4xx_it.o
                0x0000000008000950                DebugMon_Handler
 .text.PendSV_Handler
                0x000000000800095e        0xe ./Core/Src/stm32l4xx_it.o
                0x000000000800095e                PendSV_Handler
 .text.SysTick_Handler
                0x000000000800096c        0xc ./Core/Src/stm32l4xx_it.o
                0x000000000800096c                SysTick_Handler
 .text.SystemInit
                0x0000000008000978       0x24 ./Core/Src/system_stm32l4xx.o
                0x0000000008000978                SystemInit
 .text.Reset_Handler
                0x000000000800099c       0x50 ./Core/Startup/startup_stm32l476rgtx.o
                0x000000000800099c                Reset_Handler
 .text.Default_Handler
                0x00000000080009ec        0x2 ./Core/Startup/startup_stm32l476rgtx.o
                0x00000000080009ec                RTC_Alarm_IRQHandler
                0x00000000080009ec                EXTI2_IRQHandler
                0x00000000080009ec                TIM8_TRG_COM_IRQHandler
                0x00000000080009ec                TIM8_CC_IRQHandler
                0x00000000080009ec                TIM1_CC_IRQHandler
                0x00000000080009ec                TSC_IRQHandler
                0x00000000080009ec                TAMP_STAMP_IRQHandler
                0x00000000080009ec                EXTI3_IRQHandler
                0x00000000080009ec                LPTIM2_IRQHandler
                0x00000000080009ec                DFSDM1_FLT1_IRQHandler
                0x00000000080009ec                I2C3_ER_IRQHandler
                0x00000000080009ec                DFSDM1_FLT2_IRQHandler
                0x00000000080009ec                EXTI0_IRQHandler
                0x00000000080009ec                I2C2_EV_IRQHandler
                0x00000000080009ec                CAN1_RX0_IRQHandler
                0x00000000080009ec                FPU_IRQHandler
                0x00000000080009ec                TIM1_UP_TIM16_IRQHandler
                0x00000000080009ec                ADC1_2_IRQHandler
                0x00000000080009ec                SPI1_IRQHandler
                0x00000000080009ec                TIM6_DAC_IRQHandler
                0x00000000080009ec                TIM8_UP_IRQHandler
                0x00000000080009ec                DMA2_Channel2_IRQHandler
                0x00000000080009ec                DMA1_Channel4_IRQHandler
                0x00000000080009ec                SAI2_IRQHandler
                0x00000000080009ec                DFSDM1_FLT3_IRQHandler
                0x00000000080009ec                USART3_IRQHandler
                0x00000000080009ec                DMA1_Channel7_IRQHandler
                0x00000000080009ec                CAN1_RX1_IRQHandler
                0x00000000080009ec                LCD_IRQHandler
                0x00000000080009ec                UART5_IRQHandler
                0x00000000080009ec                ADC3_IRQHandler
                0x00000000080009ec                TIM4_IRQHandler
                0x00000000080009ec                DMA2_Channel1_IRQHandler
                0x00000000080009ec                QUADSPI_IRQHandler
                0x00000000080009ec                I2C1_EV_IRQHandler
                0x00000000080009ec                DMA1_Channel6_IRQHandler
                0x00000000080009ec                UART4_IRQHandler
                0x00000000080009ec                DMA2_Channel4_IRQHandler
                0x00000000080009ec                TIM3_IRQHandler
                0x00000000080009ec                RCC_IRQHandler
                0x00000000080009ec                DMA1_Channel1_IRQHandler
                0x00000000080009ec                Default_Handler
                0x00000000080009ec                DMA2_Channel7_IRQHandler
                0x00000000080009ec                EXTI15_10_IRQHandler
                0x00000000080009ec                TIM7_IRQHandler
                0x00000000080009ec                SDMMC1_IRQHandler
                0x00000000080009ec                TIM5_IRQHandler
                0x00000000080009ec                I2C3_EV_IRQHandler
                0x00000000080009ec                EXTI9_5_IRQHandler
                0x00000000080009ec                RTC_WKUP_IRQHandler
                0x00000000080009ec                PVD_PVM_IRQHandler
                0x00000000080009ec                SPI2_IRQHandler
                0x00000000080009ec                CAN1_TX_IRQHandler
                0x00000000080009ec                DMA2_Channel5_IRQHandler
                0x00000000080009ec                DMA1_Channel5_IRQHandler
                0x00000000080009ec                EXTI4_IRQHandler
                0x00000000080009ec                RNG_IRQHandler
                0x00000000080009ec                TIM1_TRG_COM_TIM17_IRQHandler
                0x00000000080009ec                DMA1_Channel3_IRQHandler
                0x00000000080009ec                COMP_IRQHandler
                0x00000000080009ec                WWDG_IRQHandler
                0x00000000080009ec                LPUART1_IRQHandler
                0x00000000080009ec                DMA2_Channel6_IRQHandler
                0x00000000080009ec                TIM2_IRQHandler
                0x00000000080009ec                EXTI1_IRQHandler
                0x00000000080009ec                USART2_IRQHandler
                0x00000000080009ec                DFSDM1_FLT0_IRQHandler
                0x00000000080009ec                I2C2_ER_IRQHandler
                0x00000000080009ec                DMA1_Channel2_IRQHandler
                0x00000000080009ec                TIM8_BRK_IRQHandler
                0x00000000080009ec                CAN1_SCE_IRQHandler
                0x00000000080009ec                FLASH_IRQHandler
                0x00000000080009ec                USART1_IRQHandler
                0x00000000080009ec                OTG_FS_IRQHandler
                0x00000000080009ec                SPI3_IRQHandler
                0x00000000080009ec                I2C1_ER_IRQHandler
                0x00000000080009ec                FMC_IRQHandler
                0x00000000080009ec                SWPMI1_IRQHandler
                0x00000000080009ec                LPTIM1_IRQHandler
                0x00000000080009ec                SAI1_IRQHandler
                0x00000000080009ec                DMA2_Channel3_IRQHandler
                0x00000000080009ec                TIM1_BRK_TIM15_IRQHandler
 *fill*         0x00000000080009ee        0x2 
 .text.HAL_Init
                0x00000000080009f0       0x40 ./Drivers/STM32L4xx_HAL_Driver/Src/stm32l4xx_hal.o
                0x00000000080009f0                HAL_Init
 .text.HAL_InitTick
                0x0000000008000a30       0x78 ./Drivers/STM32L4xx_HAL_Driver/Src/stm32l4xx_hal.o
                0x0000000008000a30                HAL_InitTick
 .text.HAL_IncTick
                0x0000000008000aa8       0x28 ./Drivers/STM32L4xx_HAL_Driver/Src/stm32l4xx_hal.o
                0x0000000008000aa8                HAL_IncTick
 .text.HAL_GetTick
                0x0000000008000ad0       0x18 ./Drivers/STM32L4xx_HAL_Driver/Src/stm32l4xx_hal.o
                0x0000000008000ad0                HAL_GetTick
 .text.HAL_Delay
                0x0000000008000ae8       0x48 ./Drivers/STM32L4xx_HAL_Driver/Src/stm32l4xx_hal.o
                0x0000000008000ae8                HAL_Delay
 .text.__NVIC_SetPriorityGrouping
                0x0000000008000b30       0x48 ./Drivers/STM32L4xx_HAL_Driver/Src/stm32l4xx_hal_cortex.o
 .text.__NVIC_GetPriorityGrouping
                0x0000000008000b78       0x1c ./Drivers/STM32L4xx_HAL_Driver/Src/stm32l4xx_hal_cortex.o
 .text.__NVIC_SetPriority
                0x0000000008000b94       0x54 ./Drivers/STM32L4xx_HAL_Driver/Src/stm32l4xx_hal_cortex.o
 .text.NVIC_EncodePriority
                0x0000000008000be8       0x66 ./Drivers/STM32L4xx_HAL_Driver/Src/stm32l4xx_hal_cortex.o
 *fill*         0x0000000008000c4e        0x2 
 .text.SysTick_Config
                0x0000000008000c50       0x44 ./Drivers/STM32L4xx_HAL_Driver/Src/stm32l4xx_hal_cortex.o
 .text.HAL_NVIC_SetPriorityGrouping
                0x0000000008000c94       0x16 ./Drivers/STM32L4xx_HAL_Driver/Src/stm32l4xx_hal_cortex.o
                0x0000000008000c94                HAL_NVIC_SetPriorityGrouping
 .text.HAL_NVIC_SetPriority
                0x0000000008000caa       0x38 ./Drivers/STM32L4xx_HAL_Driver/Src/stm32l4xx_hal_cortex.o
                0x0000000008000caa                HAL_NVIC_SetPriority
 .text.HAL_SYSTICK_Config
                0x0000000008000ce2       0x18 ./Drivers/STM32L4xx_HAL_Driver/Src/stm32l4xx_hal_cortex.o
                0x0000000008000ce2                HAL_SYSTICK_Config
 .text.HAL_DAC_Init
                0x0000000008000cfa       0x44 ./Drivers/STM32L4xx_HAL_Driver/Src/stm32l4xx_hal_dac.o
                0x0000000008000cfa                HAL_DAC_Init
 .text.HAL_DAC_Start
                0x0000000008000d3e       0x9a ./Drivers/STM32L4xx_HAL_Driver/Src/stm32l4xx_hal_dac.o
                0x0000000008000d3e                HAL_DAC_Start
 .text.HAL_DAC_SetValue
                0x0000000008000dd8       0x4a ./Drivers/STM32L4xx_HAL_Driver/Src/stm32l4xx_hal_dac.o
                0x0000000008000dd8                HAL_DAC_SetValue
 .text.HAL_DAC_ConfigChannel
                0x0000000008000e22      0x234 ./Drivers/STM32L4xx_HAL_Driver/Src/stm32l4xx_hal_dac.o
                0x0000000008000e22                HAL_DAC_ConfigChannel
 *fill*         0x0000000008001056        0x2 
 .text.HAL_GPIO_Init
                0x0000000008001058      0x354 ./Drivers/STM32L4xx_HAL_Driver/Src/stm32l4xx_hal_gpio.o
                0x0000000008001058                HAL_GPIO_Init
 .text.HAL_GPIO_WritePin
                0x00000000080013ac       0x30 ./Drivers/STM32L4xx_HAL_Driver/Src/stm32l4xx_hal_gpio.o
                0x00000000080013ac                HAL_GPIO_WritePin
 .text.HAL_PWREx_GetVoltageRange
                0x00000000080013dc       0x1c ./Drivers/STM32L4xx_HAL_Driver/Src/stm32l4xx_hal_pwr_ex.o
                0x00000000080013dc                HAL_PWREx_GetVoltageRange
 .text.HAL_PWREx_ControlVoltageScaling
                0x00000000080013f8       0xac ./Drivers/STM32L4xx_HAL_Driver/Src/stm32l4xx_hal_pwr_ex.o
                0x00000000080013f8                HAL_PWREx_ControlVoltageScaling
 .text.HAL_RCC_OscConfig
                0x00000000080014a4      0x7b8 ./Drivers/STM32L4xx_HAL_Driver/Src/stm32l4xx_hal_rcc.o
                0x00000000080014a4                HAL_RCC_OscConfig
 .text.HAL_RCC_ClockConfig
                0x0000000008001c5c      0x200 ./Drivers/STM32L4xx_HAL_Driver/Src/stm32l4xx_hal_rcc.o
                0x0000000008001c5c                HAL_RCC_ClockConfig
 .text.HAL_RCC_GetSysClockFreq
                0x0000000008001e5c      0x118 ./Drivers/STM32L4xx_HAL_Driver/Src/stm32l4xx_hal_rcc.o
                0x0000000008001e5c                HAL_RCC_GetSysClockFreq
 .text.HAL_RCC_GetHCLKFreq
                0x0000000008001f74       0x18 ./Drivers/STM32L4xx_HAL_Driver/Src/stm32l4xx_hal_rcc.o
                0x0000000008001f74                HAL_RCC_GetHCLKFreq
 .text.HAL_RCC_GetPCLK1Freq
                0x0000000008001f8c       0x2c ./Drivers/STM32L4xx_HAL_Driver/Src/stm32l4xx_hal_rcc.o
                0x0000000008001f8c                HAL_RCC_GetPCLK1Freq
 .text.HAL_RCC_GetPCLK2Freq
                0x0000000008001fb8       0x2c ./Drivers/STM32L4xx_HAL_Driver/Src/stm32l4xx_hal_rcc.o
                0x0000000008001fb8                HAL_RCC_GetPCLK2Freq
 .text.RCC_SetFlashLatencyFromMSIRange
                0x0000000008001fe4       0xc0 ./Drivers/STM32L4xx_HAL_Driver/Src/stm32l4xx_hal_rcc.o
 .text.HAL_RCCEx_PeriphCLKConfig
                0x00000000080020a4      0x5d4 ./Drivers/STM32L4xx_HAL_Driver/Src/stm32l4xx_hal_rcc_ex.o
                0x00000000080020a4                HAL_RCCEx_PeriphCLKConfig
 .text.RCCEx_PLLSAI1_Config
                0x0000000008002678      0x1e8 ./Drivers/STM32L4xx_HAL_Driver/Src/stm32l4xx_hal_rcc_ex.o
 .text.RCCEx_PLLSAI2_Config
                0x0000000008002860      0x1bc ./Drivers/STM32L4xx_HAL_Driver/Src/stm32l4xx_hal_rcc_ex.o
 .text.HAL_UART_Init
                0x0000000008002a1c       0x9c ./Drivers/STM32L4xx_HAL_Driver/Src/stm32l4xx_hal_uart.o
                0x0000000008002a1c                HAL_UART_Init
 .text.UART_SetConfig
                0x0000000008002ab8      0x570 ./Drivers/STM32L4xx_HAL_Driver/Src/stm32l4xx_hal_uart.o
                0x0000000008002ab8                UART_SetConfig
 .text.UART_AdvFeatureConfig
                0x0000000008003028      0x144 ./Drivers/STM32L4xx_HAL_Driver/Src/stm32l4xx_hal_uart.o
                0x0000000008003028                UART_AdvFeatureConfig
 .text.UART_CheckIdleState
                0x000000000800316c       0x92 ./Drivers/STM32L4xx_HAL_Driver/Src/stm32l4xx_hal_uart.o
                0x000000000800316c                UART_CheckIdleState
 .text.UART_WaitOnFlagUntilTimeout
                0x00000000080031fe      0x188 ./Drivers/STM32L4xx_HAL_Driver/Src/stm32l4xx_hal_uart.o
                0x00000000080031fe                UART_WaitOnFlagUntilTimeout
 *fill*         0x0000000008003386        0x2 
 .text.__libc_init_array
                0x0000000008003388       0x48 c:/st/stm32cubeide_1.12.0/stm32cubeide/plugins/com.st.stm32cube.ide.mcu.externaltools.gnu-tools-for-stm32.10.3-2021.10.win32_1.0.200.202301161003/tools/bin/../lib/gcc/arm-none-eabi/10.3.1/../../../../arm-none-eabi/lib/thumb/v7e-m+fp/hard\libc_nano.a(lib_a-init.o)
                0x0000000008003388                __libc_init_array
 .text.memcpy   0x00000000080033d0       0x1c c:/st/stm32cubeide_1.12.0/stm32cubeide/plugins/com.st.stm32cube.ide.mcu.externaltools.gnu-tools-for-stm32.10.3-2021.10.win32_1.0.200.202301161003/tools/bin/../lib/gcc/arm-none-eabi/10.3.1/../../../../arm-none-eabi/lib/thumb/v7e-m+fp/hard\libc_nano.a(lib_a-memcpy-stub.o)
                0x00000000080033d0                memcpy
 .text.memset   0x00000000080033ec       0x10 c:/st/stm32cubeide_1.12.0/stm32cubeide/plugins/com.st.stm32cube.ide.mcu.externaltools.gnu-tools-for-stm32.10.3-2021.10.win32_1.0.200.202301161003/tools/bin/../lib/gcc/arm-none-eabi/10.3.1/../../../../arm-none-eabi/lib/thumb/v7e-m+fp/hard\libc_nano.a(lib_a-memset.o)
                0x00000000080033ec                memset
 *(.glue_7)
 .glue_7        0x00000000080033fc        0x0 linker stubs
 *(.glue_7t)
 .glue_7t       0x00000000080033fc        0x0 linker stubs
 *(.eh_frame)
 .eh_frame      0x00000000080033fc        0x0 c:/st/stm32cubeide_1.12.0/stm32cubeide/plugins/com.st.stm32cube.ide.mcu.externaltools.gnu-tools-for-stm32.10.3-2021.10.win32_1.0.200.202301161003/tools/bin/../lib/gcc/arm-none-eabi/10.3.1/thumb/v7e-m+fp/hard/crtbegin.o
 *(.init)
 .init          0x00000000080033fc        0x4 c:/st/stm32cubeide_1.12.0/stm32cubeide/plugins/com.st.stm32cube.ide.mcu.externaltools.gnu-tools-for-stm32.10.3-2021.10.win32_1.0.200.202301161003/tools/bin/../lib/gcc/arm-none-eabi/10.3.1/thumb/v7e-m+fp/hard/crti.o
                0x00000000080033fc                _init
 .init          0x0000000008003400        0x8 c:/st/stm32cubeide_1.12.0/stm32cubeide/plugins/com.st.stm32cube.ide.mcu.externaltools.gnu-tools-for-stm32.10.3-2021.10.win32_1.0.200.202301161003/tools/bin/../lib/gcc/arm-none-eabi/10.3.1/thumb/v7e-m+fp/hard/crtn.o
 *(.fini)
 .fini          0x0000000008003408        0x4 c:/st/stm32cubeide_1.12.0/stm32cubeide/plugins/com.st.stm32cube.ide.mcu.externaltools.gnu-tools-for-stm32.10.3-2021.10.win32_1.0.200.202301161003/tools/bin/../lib/gcc/arm-none-eabi/10.3.1/thumb/v7e-m+fp/hard/crti.o
                0x0000000008003408                _fini
 .fini          0x000000000800340c        0x8 c:/st/stm32cubeide_1.12.0/stm32cubeide/plugins/com.st.stm32cube.ide.mcu.externaltools.gnu-tools-for-stm32.10.3-2021.10.win32_1.0.200.202301161003/tools/bin/../lib/gcc/arm-none-eabi/10.3.1/thumb/v7e-m+fp/hard/crtn.o
                0x0000000008003414                . = ALIGN (0x4)
                0x0000000008003414                _etext = .

.vfp11_veneer   0x0000000008003414        0x0
 .vfp11_veneer  0x0000000008003414        0x0 linker stubs

.v4_bx          0x0000000008003414        0x0
 .v4_bx         0x0000000008003414        0x0 linker stubs

.iplt           0x0000000008003414        0x0
 .iplt          0x0000000008003414        0x0 c:/st/stm32cubeide_1.12.0/stm32cubeide/plugins/com.st.stm32cube.ide.mcu.externaltools.gnu-tools-for-stm32.10.3-2021.10.win32_1.0.200.202301161003/tools/bin/../lib/gcc/arm-none-eabi/10.3.1/thumb/v7e-m+fp/hard/crtbegin.o

.rodata         0x0000000008003414       0x98
                0x0000000008003414                . = ALIGN (0x4)
 *(.rodata)
 .rodata        0x0000000008003414       0x50 ./Core/Src/main.o
 *(.rodata*)
 .rodata.AHBPrescTable
                0x0000000008003464       0x10 ./Core/Src/system_stm32l4xx.o
                0x0000000008003464                AHBPrescTable
 .rodata.APBPrescTable
                0x0000000008003474        0x8 ./Core/Src/system_stm32l4xx.o
                0x0000000008003474                APBPrescTable
 .rodata.MSIRangeTable
                0x000000000800347c       0x30 ./Core/Src/system_stm32l4xx.o
                0x000000000800347c                MSIRangeTable
                0x00000000080034ac                . = ALIGN (0x4)

.ARM.extab      0x00000000080034ac        0x0
                0x00000000080034ac                . = ALIGN (0x4)
 *(.ARM.extab* .gnu.linkonce.armextab.*)
                0x00000000080034ac                . = ALIGN (0x4)

.ARM            0x00000000080034ac        0x8
                0x00000000080034ac                . = ALIGN (0x4)
                0x00000000080034ac                __exidx_start = .
 *(.ARM.exidx*)
 .ARM.exidx     0x00000000080034ac        0x8 c:/st/stm32cubeide_1.12.0/stm32cubeide/plugins/com.st.stm32cube.ide.mcu.externaltools.gnu-tools-for-stm32.10.3-2021.10.win32_1.0.200.202301161003/tools/bin/../lib/gcc/arm-none-eabi/10.3.1/thumb/v7e-m+fp/hard\libgcc.a(_udivmoddi4.o)
                0x00000000080034b4                __exidx_end = .
                0x00000000080034b4                . = ALIGN (0x4)

.rel.dyn        0x00000000080034b4        0x0
 .rel.iplt      0x00000000080034b4        0x0 c:/st/stm32cubeide_1.12.0/stm32cubeide/plugins/com.st.stm32cube.ide.mcu.externaltools.gnu-tools-for-stm32.10.3-2021.10.win32_1.0.200.202301161003/tools/bin/../lib/gcc/arm-none-eabi/10.3.1/thumb/v7e-m+fp/hard/crtbegin.o

.preinit_array  0x00000000080034b4        0x0
                0x00000000080034b4                . = ALIGN (0x4)
                0x00000000080034b4                PROVIDE (__preinit_array_start = .)
 *(.preinit_array*)
                0x00000000080034b4                PROVIDE (__preinit_array_end = .)
                0x00000000080034b4                . = ALIGN (0x4)

.init_array     0x00000000080034b4        0x4
                0x00000000080034b4                . = ALIGN (0x4)
                0x00000000080034b4                PROVIDE (__init_array_start = .)
 *(SORT_BY_NAME(.init_array.*))
 *(.init_array*)
 .init_array    0x00000000080034b4        0x4 c:/st/stm32cubeide_1.12.0/stm32cubeide/plugins/com.st.stm32cube.ide.mcu.externaltools.gnu-tools-for-stm32.10.3-2021.10.win32_1.0.200.202301161003/tools/bin/../lib/gcc/arm-none-eabi/10.3.1/thumb/v7e-m+fp/hard/crtbegin.o
                0x00000000080034b8                PROVIDE (__init_array_end = .)
                0x00000000080034b8                . = ALIGN (0x4)

.fini_array     0x00000000080034b8        0x4
                0x00000000080034b8                . = ALIGN (0x4)
                [!provide]                        PROVIDE (__fini_array_start = .)
 *(SORT_BY_NAME(.fini_array.*))
 *(.fini_array*)
 .fini_array    0x00000000080034b8        0x4 c:/st/stm32cubeide_1.12.0/stm32cubeide/plugins/com.st.stm32cube.ide.mcu.externaltools.gnu-tools-for-stm32.10.3-2021.10.win32_1.0.200.202301161003/tools/bin/../lib/gcc/arm-none-eabi/10.3.1/thumb/v7e-m+fp/hard/crtbegin.o
                [!provide]                        PROVIDE (__fini_array_end = .)
                0x00000000080034bc                . = ALIGN (0x4)
                0x00000000080034bc                _sidata = LOADADDR (.data)

.data           0x0000000020000000        0xc load address 0x00000000080034bc
                0x0000000020000000                . = ALIGN (0x4)
                0x0000000020000000                _sdata = .
 *(.data)
 *(.data*)
 .data.SystemCoreClock
                0x0000000020000000        0x4 ./Core/Src/system_stm32l4xx.o
                0x0000000020000000                SystemCoreClock
 .data.uwTickPrio
                0x0000000020000004        0x4 ./Drivers/STM32L4xx_HAL_Driver/Src/stm32l4xx_hal.o
                0x0000000020000004                uwTickPrio
 .data.uwTickFreq
                0x0000000020000008        0x1 ./Drivers/STM32L4xx_HAL_Driver/Src/stm32l4xx_hal.o
                0x0000000020000008                uwTickFreq
 *(.RamFunc)
 *(.RamFunc*)
                0x000000002000000c                . = ALIGN (0x4)
 *fill*         0x0000000020000009        0x3 
                0x000000002000000c                _edata = .

.igot.plt       0x000000002000000c        0x0 load address 0x00000000080034c8
 .igot.plt      0x000000002000000c        0x0 c:/st/stm32cubeide_1.12.0/stm32cubeide/plugins/com.st.stm32cube.ide.mcu.externaltools.gnu-tools-for-stm32.10.3-2021.10.win32_1.0.200.202301161003/tools/bin/../lib/gcc/arm-none-eabi/10.3.1/thumb/v7e-m+fp/hard/crtbegin.o
                0x000000002000000c                . = ALIGN (0x4)

.bss            0x000000002000000c       0xb8 load address 0x00000000080034c8
                0x000000002000000c                _sbss = .
                0x000000002000000c                __bss_start__ = _sbss
 *(.bss)
 .bss           0x000000002000000c       0x1c c:/st/stm32cubeide_1.12.0/stm32cubeide/plugins/com.st.stm32cube.ide.mcu.externaltools.gnu-tools-for-stm32.10.3-2021.10.win32_1.0.200.202301161003/tools/bin/../lib/gcc/arm-none-eabi/10.3.1/thumb/v7e-m+fp/hard/crtbegin.o
 *(.bss*)
 .bss.hdac1     0x0000000020000028       0x14 ./Core/Src/main.o
                0x0000000020000028                hdac1
 .bss.huart2    0x000000002000003c       0x84 ./Core/Src/main.o
                0x000000002000003c                huart2
 .bss.uwTick    0x00000000200000c0        0x4 ./Drivers/STM32L4xx_HAL_Driver/Src/stm32l4xx_hal.o
                0x00000000200000c0                uwTick
 *(COMMON)
                0x00000000200000c4                . = ALIGN (0x4)
                0x00000000200000c4                _ebss = .
                0x00000000200000c4                __bss_end__ = _ebss

._user_heap_stack
                0x00000000200000c4      0x604 load address 0x00000000080034c8
                0x00000000200000c8                . = ALIGN (0x8)
 *fill*         0x00000000200000c4        0x4 
                [!provide]                        PROVIDE (end = .)
                0x00000000200000c8                PROVIDE (_end = .)
                0x00000000200002c8                . = (. + _Min_Heap_Size)
 *fill*         0x00000000200000c8      0x200 
                0x00000000200006c8                . = (. + _Min_Stack_Size)
 *fill*         0x00000000200002c8      0x400 
                0x00000000200006c8                . = ALIGN (0x8)

/DISCARD/
 libc.a(*)
 libm.a(*)
 libgcc.a(*)

.ARM.attributes
                0x0000000000000000       0x30
 *(.ARM.attributes)
 .ARM.attributes
                0x0000000000000000       0x1e c:/st/stm32cubeide_1.12.0/stm32cubeide/plugins/com.st.stm32cube.ide.mcu.externaltools.gnu-tools-for-stm32.10.3-2021.10.win32_1.0.200.202301161003/tools/bin/../lib/gcc/arm-none-eabi/10.3.1/thumb/v7e-m+fp/hard/crti.o
 .ARM.attributes
                0x000000000000001e       0x34 c:/st/stm32cubeide_1.12.0/stm32cubeide/plugins/com.st.stm32cube.ide.mcu.externaltools.gnu-tools-for-stm32.10.3-2021.10.win32_1.0.200.202301161003/tools/bin/../lib/gcc/arm-none-eabi/10.3.1/thumb/v7e-m+fp/hard/crtbegin.o
 .ARM.attributes
                0x0000000000000052       0x34 ./Core/Src/main.o
 .ARM.attributes
                0x0000000000000086       0x34 ./Core/Src/stm32l4xx_hal_msp.o
 .ARM.attributes
                0x00000000000000ba       0x34 ./Core/Src/stm32l4xx_it.o
 .ARM.attributes
                0x00000000000000ee       0x34 ./Core/Src/system_stm32l4xx.o
 .ARM.attributes
                0x0000000000000122       0x21 ./Core/Startup/startup_stm32l476rgtx.o
 .ARM.attributes
                0x0000000000000143       0x34 ./Drivers/STM32L4xx_HAL_Driver/Src/stm32l4xx_hal.o
 .ARM.attributes
                0x0000000000000177       0x34 ./Drivers/STM32L4xx_HAL_Driver/Src/stm32l4xx_hal_cortex.o
 .ARM.attributes
                0x00000000000001ab       0x34 ./Drivers/STM32L4xx_HAL_Driver/Src/stm32l4xx_hal_dac.o
 .ARM.attributes
                0x00000000000001df       0x34 ./Drivers/STM32L4xx_HAL_Driver/Src/stm32l4xx_hal_gpio.o
 .ARM.attributes
                0x0000000000000213       0x34 ./Drivers/STM32L4xx_HAL_Driver/Src/stm32l4xx_hal_pwr_ex.o
 .ARM.attributes
                0x0000000000000247       0x34 ./Drivers/STM32L4xx_HAL_Driver/Src/stm32l4xx_hal_rcc.o
 .ARM.attributes
                0x000000000000027b       0x34 ./Drivers/STM32L4xx_HAL_Driver/Src/stm32l4xx_hal_rcc_ex.o
 .ARM.attributes
                0x00000000000002af       0x34 ./Drivers/STM32L4xx_HAL_Driver/Src/stm32l4xx_hal_uart.o
 .ARM.attributes
                0x00000000000002e3       0x34 c:/st/stm32cubeide_1.12.0/stm32cubeide/plugins/com.st.stm32cube.ide.mcu.externaltools.gnu-tools-for-stm32.10.3-2021.10.win32_1.0.200.202301161003/tools/bin/../lib/gcc/arm-none-eabi/10.3.1/../../../../arm-none-eabi/lib/thumb/v7e-m+fp/hard\libc_nano.a(lib_a-init.o)
 .ARM.attributes
                0x0000000000000317       0x34 c:/st/stm32cubeide_1.12.0/stm32cubeide/plugins/com.st.stm32cube.ide.mcu.externaltools.gnu-tools-for-stm32.10.3-2021.10.win32_1.0.200.202301161003/tools/bin/../lib/gcc/arm-none-eabi/10.3.1/../../../../arm-none-eabi/lib/thumb/v7e-m+fp/hard\libc_nano.a(lib_a-memcpy-stub.o)
 .ARM.attributes
                0x000000000000034b       0x34 c:/st/stm32cubeide_1.12.0/stm32cubeide/plugins/com.st.stm32cube.ide.mcu.externaltools.gnu-tools-for-stm32.10.3-2021.10.win32_1.0.200.202301161003/tools/bin/../lib/gcc/arm-none-eabi/10.3.1/../../../../arm-none-eabi/lib/thumb/v7e-m+fp/hard\libc_nano.a(lib_a-memset.o)
 .ARM.attributes
                0x000000000000037f       0x1e c:/st/stm32cubeide_1.12.0/stm32cubeide/plugins/com.st.stm32cube.ide.mcu.externaltools.gnu-tools-for-stm32.10.3-2021.10.win32_1.0.200.202301161003/tools/bin/../lib/gcc/arm-none-eabi/10.3.1/thumb/v7e-m+fp/hard\libgcc.a(_aeabi_uldivmod.o)
 .ARM.attributes
                0x000000000000039d       0x34 c:/st/stm32cubeide_1.12.0/stm32cubeide/plugins/com.st.stm32cube.ide.mcu.externaltools.gnu-tools-for-stm32.10.3-2021.10.win32_1.0.200.202301161003/tools/bin/../lib/gcc/arm-none-eabi/10.3.1/thumb/v7e-m+fp/hard\libgcc.a(_udivmoddi4.o)
 .ARM.attributes
                0x00000000000003d1       0x1e c:/st/stm32cubeide_1.12.0/stm32cubeide/plugins/com.st.stm32cube.ide.mcu.externaltools.gnu-tools-for-stm32.10.3-2021.10.win32_1.0.200.202301161003/tools/bin/../lib/gcc/arm-none-eabi/10.3.1/thumb/v7e-m+fp/hard\libgcc.a(_dvmd_tls.o)
 .ARM.attributes
                0x00000000000003ef       0x1e c:/st/stm32cubeide_1.12.0/stm32cubeide/plugins/com.st.stm32cube.ide.mcu.externaltools.gnu-tools-for-stm32.10.3-2021.10.win32_1.0.200.202301161003/tools/bin/../lib/gcc/arm-none-eabi/10.3.1/thumb/v7e-m+fp/hard/crtn.o
OUTPUT(Learning-DAC_DMA.elf elf32-littlearm)
LOAD linker stubs
LOAD c:/st/stm32cubeide_1.12.0/stm32cubeide/plugins/com.st.stm32cube.ide.mcu.externaltools.gnu-tools-for-stm32.10.3-2021.10.win32_1.0.200.202301161003/tools/bin/../lib/gcc/arm-none-eabi/10.3.1/../../../../arm-none-eabi/lib/thumb/v7e-m+fp/hard\libc.a
LOAD c:/st/stm32cubeide_1.12.0/stm32cubeide/plugins/com.st.stm32cube.ide.mcu.externaltools.gnu-tools-for-stm32.10.3-2021.10.win32_1.0.200.202301161003/tools/bin/../lib/gcc/arm-none-eabi/10.3.1/../../../../arm-none-eabi/lib/thumb/v7e-m+fp/hard\libm.a
LOAD c:/st/stm32cubeide_1.12.0/stm32cubeide/plugins/com.st.stm32cube.ide.mcu.externaltools.gnu-tools-for-stm32.10.3-2021.10.win32_1.0.200.202301161003/tools/bin/../lib/gcc/arm-none-eabi/10.3.1/thumb/v7e-m+fp/hard\libgcc.a

.debug_info     0x0000000000000000     0xb841
 .debug_info    0x0000000000000000     0x1138 ./Core/Src/main.o
 .debug_info    0x0000000000001138      0xfcb ./Core/Src/stm32l4xx_hal_msp.o
 .debug_info    0x0000000000002103      0x129 ./Core/Src/stm32l4xx_it.o
 .debug_info    0x000000000000222c      0x5c6 ./Core/Src/system_stm32l4xx.o
 .debug_info    0x00000000000027f2       0x22 ./Core/Startup/startup_stm32l476rgtx.o
 .debug_info    0x0000000000002814      0xc57 ./Drivers/STM32L4xx_HAL_Driver/Src/stm32l4xx_hal.o
 .debug_info    0x000000000000346b      0xe21 ./Drivers/STM32L4xx_HAL_Driver/Src/stm32l4xx_hal_cortex.o
 .debug_info    0x000000000000428c      0xb17 ./Drivers/STM32L4xx_HAL_Driver/Src/stm32l4xx_hal_dac.o
 .debug_info    0x0000000000004da3      0x821 ./Drivers/STM32L4xx_HAL_Driver/Src/stm32l4xx_hal_gpio.o
 .debug_info    0x00000000000055c4      0x9f0 ./Drivers/STM32L4xx_HAL_Driver/Src/stm32l4xx_hal_pwr_ex.o
 .debug_info    0x0000000000005fb4      0xced ./Drivers/STM32L4xx_HAL_Driver/Src/stm32l4xx_hal_rcc.o
 .debug_info    0x0000000000006ca1      0xe92 ./Drivers/STM32L4xx_HAL_Driver/Src/stm32l4xx_hal_rcc_ex.o
 .debug_info    0x0000000000007b33     0x3d0e ./Drivers/STM32L4xx_HAL_Driver/Src/stm32l4xx_hal_uart.o

.debug_abbrev   0x0000000000000000     0x18f3
 .debug_abbrev  0x0000000000000000      0x279 ./Core/Src/main.o
 .debug_abbrev  0x0000000000000279      0x1c5 ./Core/Src/stm32l4xx_hal_msp.o
 .debug_abbrev  0x000000000000043e       0x74 ./Core/Src/stm32l4xx_it.o
 .debug_abbrev  0x00000000000004b2      0x116 ./Core/Src/system_stm32l4xx.o
 .debug_abbrev  0x00000000000005c8       0x12 ./Core/Startup/startup_stm32l476rgtx.o
 .debug_abbrev  0x00000000000005da      0x23a ./Drivers/STM32L4xx_HAL_Driver/Src/stm32l4xx_hal.o
 .debug_abbrev  0x0000000000000814      0x316 ./Drivers/STM32L4xx_HAL_Driver/Src/stm32l4xx_hal_cortex.o
 .debug_abbrev  0x0000000000000b2a      0x209 ./Drivers/STM32L4xx_HAL_Driver/Src/stm32l4xx_hal_dac.o
 .debug_abbrev  0x0000000000000d33      0x1bb ./Drivers/STM32L4xx_HAL_Driver/Src/stm32l4xx_hal_gpio.o
 .debug_abbrev  0x0000000000000eee      0x1f3 ./Drivers/STM32L4xx_HAL_Driver/Src/stm32l4xx_hal_pwr_ex.o
 .debug_abbrev  0x00000000000010e1      0x2bd ./Drivers/STM32L4xx_HAL_Driver/Src/stm32l4xx_hal_rcc.o
 .debug_abbrev  0x000000000000139e      0x299 ./Drivers/STM32L4xx_HAL_Driver/Src/stm32l4xx_hal_rcc_ex.o
 .debug_abbrev  0x0000000000001637      0x2bc ./Drivers/STM32L4xx_HAL_Driver/Src/stm32l4xx_hal_uart.o

.debug_aranges  0x0000000000000000      0x970
 .debug_aranges
                0x0000000000000000       0x48 ./Core/Src/main.o
 .debug_aranges
                0x0000000000000048       0x40 ./Core/Src/stm32l4xx_hal_msp.o
 .debug_aranges
                0x0000000000000088       0x60 ./Core/Src/stm32l4xx_it.o
 .debug_aranges
                0x00000000000000e8       0x28 ./Core/Src/system_stm32l4xx.o
 .debug_aranges
                0x0000000000000110       0x28 ./Core/Startup/startup_stm32l476rgtx.o
 .debug_aranges
                0x0000000000000138      0x130 ./Drivers/STM32L4xx_HAL_Driver/Src/stm32l4xx_hal.o
 .debug_aranges
                0x0000000000000268      0x118 ./Drivers/STM32L4xx_HAL_Driver/Src/stm32l4xx_hal_cortex.o
 .debug_aranges
                0x0000000000000380       0xc0 ./Drivers/STM32L4xx_HAL_Driver/Src/stm32l4xx_hal_dac.o
 .debug_aranges
                0x0000000000000440       0x58 ./Drivers/STM32L4xx_HAL_Driver/Src/stm32l4xx_hal_gpio.o
 .debug_aranges
                0x0000000000000498      0x160 ./Drivers/STM32L4xx_HAL_Driver/Src/stm32l4xx_hal_pwr_ex.o
 .debug_aranges
                0x00000000000005f8       0x90 ./Drivers/STM32L4xx_HAL_Driver/Src/stm32l4xx_hal_rcc.o
 .debug_aranges
                0x0000000000000688       0xc0 ./Drivers/STM32L4xx_HAL_Driver/Src/stm32l4xx_hal_rcc_ex.o
 .debug_aranges
                0x0000000000000748      0x228 ./Drivers/STM32L4xx_HAL_Driver/Src/stm32l4xx_hal_uart.o

.debug_ranges   0x0000000000000000      0x8d8
 .debug_ranges  0x0000000000000000       0x38 ./Core/Src/main.o
 .debug_ranges  0x0000000000000038       0x30 ./Core/Src/stm32l4xx_hal_msp.o
 .debug_ranges  0x0000000000000068       0x50 ./Core/Src/stm32l4xx_it.o
 .debug_ranges  0x00000000000000b8       0x18 ./Core/Src/system_stm32l4xx.o
 .debug_ranges  0x00000000000000d0       0x20 ./Core/Startup/startup_stm32l476rgtx.o
 .debug_ranges  0x00000000000000f0      0x120 ./Drivers/STM32L4xx_HAL_Driver/Src/stm32l4xx_hal.o
 .debug_ranges  0x0000000000000210      0x108 ./Drivers/STM32L4xx_HAL_Driver/Src/stm32l4xx_hal_cortex.o
 .debug_ranges  0x0000000000000318       0xb0 ./Drivers/STM32L4xx_HAL_Driver/Src/stm32l4xx_hal_dac.o
 .debug_ranges  0x00000000000003c8       0x48 ./Drivers/STM32L4xx_HAL_Driver/Src/stm32l4xx_hal_gpio.o
 .debug_ranges  0x0000000000000410      0x150 ./Drivers/STM32L4xx_HAL_Driver/Src/stm32l4xx_hal_pwr_ex.o
 .debug_ranges  0x0000000000000560       0x80 ./Drivers/STM32L4xx_HAL_Driver/Src/stm32l4xx_hal_rcc.o
 .debug_ranges  0x00000000000005e0       0xb0 ./Drivers/STM32L4xx_HAL_Driver/Src/stm32l4xx_hal_rcc_ex.o
 .debug_ranges  0x0000000000000690      0x248 ./Drivers/STM32L4xx_HAL_Driver/Src/stm32l4xx_hal_uart.o

.debug_macro    0x0000000000000000    0x26044
 .debug_macro   0x0000000000000000      0x35e ./Core/Src/main.o
 .debug_macro   0x000000000000035e      0xa78 ./Core/Src/main.o
 .debug_macro   0x0000000000000dd6      0x1a7 ./Core/Src/main.o
 .debug_macro   0x0000000000000f7d       0x2e ./Core/Src/main.o
 .debug_macro   0x0000000000000fab       0x28 ./Core/Src/main.o
 .debug_macro   0x0000000000000fd3       0x22 ./Core/Src/main.o
 .debug_macro   0x0000000000000ff5       0x8e ./Core/Src/main.o
 .debug_macro   0x0000000000001083       0x51 ./Core/Src/main.o
 .debug_macro   0x00000000000010d4      0x103 ./Core/Src/main.o
 .debug_macro   0x00000000000011d7       0x6a ./Core/Src/main.o
 .debug_macro   0x0000000000001241      0x1df ./Core/Src/main.o
 .debug_macro   0x0000000000001420       0x1c ./Core/Src/main.o
 .debug_macro   0x000000000000143c       0x22 ./Core/Src/main.o
 .debug_macro   0x000000000000145e       0xfb ./Core/Src/main.o
 .debug_macro   0x0000000000001559     0x1011 ./Core/Src/main.o
 .debug_macro   0x000000000000256a      0x11f ./Core/Src/main.o
 .debug_macro   0x0000000000002689    0x1a17a ./Core/Src/main.o
 .debug_macro   0x000000000001c803       0x6d ./Core/Src/main.o
 .debug_macro   0x000000000001c870     0x38e6 ./Core/Src/main.o
 .debug_macro   0x0000000000020156      0x174 ./Core/Src/main.o
 .debug_macro   0x00000000000202ca       0x5c ./Core/Src/main.o
 .debug_macro   0x0000000000020326     0x159e ./Core/Src/main.o
 .debug_macro   0x00000000000218c4      0x5a5 ./Core/Src/main.o
 .debug_macro   0x0000000000021e69      0x1b9 ./Core/Src/main.o
 .debug_macro   0x0000000000022022      0x18b ./Core/Src/main.o
 .debug_macro   0x00000000000221ad      0x26b ./Core/Src/main.o
 .debug_macro   0x0000000000022418      0x23d ./Core/Src/main.o
 .debug_macro   0x0000000000022655      0x153 ./Core/Src/main.o
 .debug_macro   0x00000000000227a8       0xd8 ./Core/Src/main.o
 .debug_macro   0x0000000000022880      0x241 ./Core/Src/main.o
 .debug_macro   0x0000000000022ac1      0x37c ./Core/Src/main.o
 .debug_macro   0x0000000000022e3d       0xd6 ./Core/Src/main.o
 .debug_macro   0x0000000000022f13      0x122 ./Core/Src/main.o
 .debug_macro   0x0000000000023035      0x3ef ./Core/Src/main.o
 .debug_macro   0x0000000000023424      0x5ba ./Core/Src/main.o
 .debug_macro   0x00000000000239de       0x44 ./Core/Src/main.o
 .debug_macro   0x0000000000023a22      0x330 ./Core/Src/main.o
 .debug_macro   0x0000000000023d52       0x52 ./Core/Src/main.o
 .debug_macro   0x0000000000023da4       0x1e ./Core/Src/main.o
 .debug_macro   0x0000000000023dc2       0x3c ./Core/Src/main.o
 .debug_macro   0x0000000000023dfe       0x34 ./Core/Src/main.o
 .debug_macro   0x0000000000023e32       0x16 ./Core/Src/main.o
 .debug_macro   0x0000000000023e48       0x35 ./Core/Src/main.o
 .debug_macro   0x0000000000023e7d      0x341 ./Core/Src/main.o
 .debug_macro   0x00000000000241be       0x10 ./Core/Src/main.o
 .debug_macro   0x00000000000241ce       0x16 ./Core/Src/main.o
 .debug_macro   0x00000000000241e4       0x43 ./Core/Src/main.o
 .debug_macro   0x0000000000024227       0x34 ./Core/Src/main.o
 .debug_macro   0x000000000002425b       0x10 ./Core/Src/main.o
 .debug_macro   0x000000000002426b       0x58 ./Core/Src/main.o
 .debug_macro   0x00000000000242c3       0x71 ./Core/Src/main.o
 .debug_macro   0x0000000000024334       0x1c ./Core/Src/main.o
 .debug_macro   0x0000000000024350      0x12a ./Core/Src/main.o
 .debug_macro   0x000000000002447a       0x10 ./Core/Src/main.o
 .debug_macro   0x000000000002448a       0x1c ./Core/Src/main.o
 .debug_macro   0x00000000000244a6       0x52 ./Core/Src/main.o
 .debug_macro   0x00000000000244f8       0x22 ./Core/Src/main.o
 .debug_macro   0x000000000002451a       0x10 ./Core/Src/main.o
 .debug_macro   0x000000000002452a       0x52 ./Core/Src/main.o
 .debug_macro   0x000000000002457c       0xd5 ./Core/Src/main.o
 .debug_macro   0x0000000000024651       0x1c ./Core/Src/main.o
 .debug_macro   0x000000000002466d       0x3d ./Core/Src/main.o
 .debug_macro   0x00000000000246aa       0x16 ./Core/Src/main.o
 .debug_macro   0x00000000000246c0      0x145 ./Core/Src/main.o
 .debug_macro   0x0000000000024805       0x16 ./Core/Src/main.o
 .debug_macro   0x000000000002481b       0x20 ./Core/Src/main.o
 .debug_macro   0x000000000002483b       0x58 ./Core/Src/main.o
 .debug_macro   0x0000000000024893      0x35e ./Core/Src/stm32l4xx_hal_msp.o
 .debug_macro   0x0000000000024bf1      0x368 ./Core/Src/stm32l4xx_it.o
 .debug_macro   0x0000000000024f59      0x1c0 ./Core/Src/system_stm32l4xx.o
 .debug_macro   0x0000000000025119      0x20e ./Drivers/STM32L4xx_HAL_Driver/Src/stm32l4xx_hal.o
 .debug_macro   0x0000000000025327      0x1c0 ./Drivers/STM32L4xx_HAL_Driver/Src/stm32l4xx_hal_cortex.o
 .debug_macro   0x00000000000254e7      0x1cf ./Drivers/STM32L4xx_HAL_Driver/Src/stm32l4xx_hal_dac.o
 .debug_macro   0x00000000000256b6      0x1c7 ./Drivers/STM32L4xx_HAL_Driver/Src/stm32l4xx_hal_gpio.o
 .debug_macro   0x000000000002587d      0x1e4 ./Drivers/STM32L4xx_HAL_Driver/Src/stm32l4xx_hal_pwr_ex.o
 .debug_macro   0x0000000000025a61      0x202 ./Drivers/STM32L4xx_HAL_Driver/Src/stm32l4xx_hal_rcc.o
 .debug_macro   0x0000000000025c63      0x1f6 ./Drivers/STM32L4xx_HAL_Driver/Src/stm32l4xx_hal_rcc_ex.o
 .debug_macro   0x0000000000025e59      0x1eb ./Drivers/STM32L4xx_HAL_Driver/Src/stm32l4xx_hal_uart.o

.debug_line     0x0000000000000000     0xb572
 .debug_line    0x0000000000000000      0xa3b ./Core/Src/main.o
 .debug_line    0x0000000000000a3b      0x97c ./Core/Src/stm32l4xx_hal_msp.o
 .debug_line    0x00000000000013b7      0x999 ./Core/Src/stm32l4xx_it.o
 .debug_line    0x0000000000001d50      0x75c ./Core/Src/system_stm32l4xx.o
 .debug_line    0x00000000000024ac       0x88 ./Core/Startup/startup_stm32l476rgtx.o
 .debug_line    0x0000000000002534      0xab5 ./Drivers/STM32L4xx_HAL_Driver/Src/stm32l4xx_hal.o
 .debug_line    0x0000000000002fe9      0xc5b ./Drivers/STM32L4xx_HAL_Driver/Src/stm32l4xx_hal_cortex.o
 .debug_line    0x0000000000003c44      0xb8d ./Drivers/STM32L4xx_HAL_Driver/Src/stm32l4xx_hal_dac.o
 .debug_line    0x00000000000047d1      0xb28 ./Drivers/STM32L4xx_HAL_Driver/Src/stm32l4xx_hal_gpio.o
 .debug_line    0x00000000000052f9      0xcac ./Drivers/STM32L4xx_HAL_Driver/Src/stm32l4xx_hal_pwr_ex.o
 .debug_line    0x0000000000005fa5      0xf2e ./Drivers/STM32L4xx_HAL_Driver/Src/stm32l4xx_hal_rcc.o
 .debug_line    0x0000000000006ed3     0x146d ./Drivers/STM32L4xx_HAL_Driver/Src/stm32l4xx_hal_rcc_ex.o
 .debug_line    0x0000000000008340     0x3232 ./Drivers/STM32L4xx_HAL_Driver/Src/stm32l4xx_hal_uart.o

.debug_str      0x0000000000000000    0xe92d7
 .debug_str     0x0000000000000000    0xe677f ./Core/Src/main.o
                                      0xe6a84 (size before relaxing)
 .debug_str     0x00000000000e677f      0x301 ./Core/Src/stm32l4xx_hal_msp.o
                                      0xe6a0f (size before relaxing)
 .debug_str     0x00000000000e6a80       0xc9 ./Core/Src/stm32l4xx_it.o
                                      0xe6055 (size before relaxing)
 .debug_str     0x00000000000e6b49       0xf2 ./Core/Src/system_stm32l4xx.o
                                      0xe22ea (size before relaxing)
 .debug_str     0x00000000000e6c3b       0x36 ./Core/Startup/startup_stm32l476rgtx.o
                                         0x7d (size before relaxing)
 .debug_str     0x00000000000e6c71      0xaf7 ./Drivers/STM32L4xx_HAL_Driver/Src/stm32l4xx_hal.o
                                      0xe2ee9 (size before relaxing)
 .debug_str     0x00000000000e7768      0x344 ./Drivers/STM32L4xx_HAL_Driver/Src/stm32l4xx_hal_cortex.o
                                      0xe2b31 (size before relaxing)
 .debug_str     0x00000000000e7aac      0x242 ./Drivers/STM32L4xx_HAL_Driver/Src/stm32l4xx_hal_dac.o
                                      0xe27b6 (size before relaxing)
 .debug_str     0x00000000000e7cee      0x123 ./Drivers/STM32L4xx_HAL_Driver/Src/stm32l4xx_hal_gpio.o
                                      0xe2463 (size before relaxing)
 .debug_str     0x00000000000e7e11      0x4e3 ./Drivers/STM32L4xx_HAL_Driver/Src/stm32l4xx_hal_pwr_ex.o
                                      0xe2845 (size before relaxing)
 .debug_str     0x00000000000e82f4      0x345 ./Drivers/STM32L4xx_HAL_Driver/Src/stm32l4xx_hal_rcc.o
                                      0xe2930 (size before relaxing)
 .debug_str     0x00000000000e8639      0x3bf ./Drivers/STM32L4xx_HAL_Driver/Src/stm32l4xx_hal_rcc_ex.o
                                      0xe2aa9 (size before relaxing)
 .debug_str     0x00000000000e89f8      0x8df ./Drivers/STM32L4xx_HAL_Driver/Src/stm32l4xx_hal_uart.o
                                      0xe301a (size before relaxing)

.comment        0x0000000000000000       0x50
 .comment       0x0000000000000000       0x50 ./Core/Src/main.o
                                         0x51 (size before relaxing)
 .comment       0x0000000000000050       0x51 ./Core/Src/stm32l4xx_hal_msp.o
 .comment       0x0000000000000050       0x51 ./Core/Src/stm32l4xx_it.o
 .comment       0x0000000000000050       0x51 ./Core/Src/system_stm32l4xx.o
 .comment       0x0000000000000050       0x51 ./Drivers/STM32L4xx_HAL_Driver/Src/stm32l4xx_hal.o
 .comment       0x0000000000000050       0x51 ./Drivers/STM32L4xx_HAL_Driver/Src/stm32l4xx_hal_cortex.o
 .comment       0x0000000000000050       0x51 ./Drivers/STM32L4xx_HAL_Driver/Src/stm32l4xx_hal_dac.o
 .comment       0x0000000000000050       0x51 ./Drivers/STM32L4xx_HAL_Driver/Src/stm32l4xx_hal_gpio.o
 .comment       0x0000000000000050       0x51 ./Drivers/STM32L4xx_HAL_Driver/Src/stm32l4xx_hal_pwr_ex.o
 .comment       0x0000000000000050       0x51 ./Drivers/STM32L4xx_HAL_Driver/Src/stm32l4xx_hal_rcc.o
 .comment       0x0000000000000050       0x51 ./Drivers/STM32L4xx_HAL_Driver/Src/stm32l4xx_hal_rcc_ex.o
 .comment       0x0000000000000050       0x51 ./Drivers/STM32L4xx_HAL_Driver/Src/stm32l4xx_hal_uart.o

.debug_frame    0x0000000000000000     0x2610
 .debug_frame   0x0000000000000000       0xd0 ./Core/Src/main.o
 .debug_frame   0x00000000000000d0       0xcc ./Core/Src/stm32l4xx_hal_msp.o
 .debug_frame   0x000000000000019c      0x104 ./Core/Src/stm32l4xx_it.o
 .debug_frame   0x00000000000002a0       0x58 ./Core/Src/system_stm32l4xx.o
 .debug_frame   0x00000000000002f8      0x498 ./Drivers/STM32L4xx_HAL_Driver/Src/stm32l4xx_hal.o
 .debug_frame   0x0000000000000790      0x498 ./Drivers/STM32L4xx_HAL_Driver/Src/stm32l4xx_hal_cortex.o
 .debug_frame   0x0000000000000c28      0x338 ./Drivers/STM32L4xx_HAL_Driver/Src/stm32l4xx_hal_dac.o
 .debug_frame   0x0000000000000f60      0x14c ./Drivers/STM32L4xx_HAL_Driver/Src/stm32l4xx_hal_gpio.o
 .debug_frame   0x00000000000010ac      0x584 ./Drivers/STM32L4xx_HAL_Driver/Src/stm32l4xx_hal_pwr_ex.o
 .debug_frame   0x0000000000001630      0x21c ./Drivers/STM32L4xx_HAL_Driver/Src/stm32l4xx_hal_rcc.o
 .debug_frame   0x000000000000184c      0x2fc ./Drivers/STM32L4xx_HAL_Driver/Src/stm32l4xx_hal_rcc_ex.o
 .debug_frame   0x0000000000001b48      0x9f4 ./Drivers/STM32L4xx_HAL_Driver/Src/stm32l4xx_hal_uart.o
 .debug_frame   0x000000000000253c       0x2c c:/st/stm32cubeide_1.12.0/stm32cubeide/plugins/com.st.stm32cube.ide.mcu.externaltools.gnu-tools-for-stm32.10.3-2021.10.win32_1.0.200.202301161003/tools/bin/../lib/gcc/arm-none-eabi/10.3.1/../../../../arm-none-eabi/lib/thumb/v7e-m+fp/hard\libc_nano.a(lib_a-init.o)
 .debug_frame   0x0000000000002568       0x28 c:/st/stm32cubeide_1.12.0/stm32cubeide/plugins/com.st.stm32cube.ide.mcu.externaltools.gnu-tools-for-stm32.10.3-2021.10.win32_1.0.200.202301161003/tools/bin/../lib/gcc/arm-none-eabi/10.3.1/../../../../arm-none-eabi/lib/thumb/v7e-m+fp/hard\libc_nano.a(lib_a-memcpy-stub.o)
 .debug_frame   0x0000000000002590       0x20 c:/st/stm32cubeide_1.12.0/stm32cubeide/plugins/com.st.stm32cube.ide.mcu.externaltools.gnu-tools-for-stm32.10.3-2021.10.win32_1.0.200.202301161003/tools/bin/../lib/gcc/arm-none-eabi/10.3.1/../../../../arm-none-eabi/lib/thumb/v7e-m+fp/hard\libc_nano.a(lib_a-memset.o)
 .debug_frame   0x00000000000025b0       0x2c c:/st/stm32cubeide_1.12.0/stm32cubeide/plugins/com.st.stm32cube.ide.mcu.externaltools.gnu-tools-for-stm32.10.3-2021.10.win32_1.0.200.202301161003/tools/bin/../lib/gcc/arm-none-eabi/10.3.1/thumb/v7e-m+fp/hard\libgcc.a(_aeabi_uldivmod.o)
 .debug_frame   0x00000000000025dc       0x34 c:/st/stm32cubeide_1.12.0/stm32cubeide/plugins/com.st.stm32cube.ide.mcu.externaltools.gnu-tools-for-stm32.10.3-2021.10.win32_1.0.200.202301161003/tools/bin/../lib/gcc/arm-none-eabi/10.3.1/thumb/v7e-m+fp/hard\libgcc.a(_udivmoddi4.o)
